===========================================
TINC QUIC TEST - Чт 13 ноя 2025 19:00:53 UTC
===========================================

=== Building Docker images ===
#1 [internal] load local bake definitions
#1 reading from stdin 598B done
#1 DONE 0.0s

#2 [internal] load build definition from Dockerfile.optimized
#2 transferring dockerfile:
#2 transferring dockerfile: 3.20kB done
#2 DONE 0.0s

#3 [internal] load metadata for docker.io/library/ubuntu:22.04
